S001266779	B 	96	actinobacterium	-	 AMGD1 Lineage=Root	unclassified_"Acidimicrobineae"
S002697379	B 	94	-	-	 ncd2060a03c1 Lineage=Root	unclassified_Iamiaceae
S000329069	B 	94	actinobacterium	-	 EB1045 Lineage=Root	genus
S003695192	B 	89	-	-	 SEAB1CH021 Lineage=Root	unclassified_"Acidimicrobineae"
S002304054	B 	87	-	-	 B145 Lineage=Root	genus
